
[TestLogo/Logo - 1]
[38;2;220;1;0m██    ██ ███    ██ [0m[38;2;255;211;0m ██████  ██████  ██████  ███████[0m
[38;2;220;1;0m██    ██ ████   ██ [0m[38;2;255;211;0m██      ██    ██ ██   ██ ██     [0m
[38;2;220;1;0m██    ██ ██ ██  ██ [0m[38;2;255;211;0m██      ██    ██ ██████  ███████[0m
[38;2;220;1;0m██    ██ ██  ██ ██ [0m[38;2;255;211;0m██      ██    ██ ██   ██      ██[0m
[38;2;220;1;0m ██████  ██   ████ [0m[38;2;255;211;0m ██████  ██████  ██   ██ ███████[0m
                                     version: 0.1.0
---
