
[TestLogo/Logo - 1]
[38;2;220;1;0m██    ██ ███    ██ [m[38;2;255;212;0m ██████  ██████  ██████  ███████[m
[38;2;220;1;0m██    ██ ████   ██ [m[38;2;255;212;0m██      ██    ██ ██   ██ ██     [m
[38;2;220;1;0m██    ██ ██ ██  ██ [m[38;2;255;212;0m██      ██    ██ ██████  ███████[m
[38;2;220;1;0m██    ██ ██  ██ ██ [m[38;2;255;212;0m██      ██    ██ ██   ██      ██[m
[38;2;220;1;0m ██████  ██   ████ [m[38;2;255;212;0m ██████  ██████  ██   ██ ███████[m
                                     version: 0.1.0
---
