
[TestPrintResponse/1xx_informational/should_match_snapshot - 1]
 [48;2;0;114;206m [m[38;2;0;0;0;48;2;0;114;206m100 POST[m[48;2;0;114;206m [m[48;2;0;114;206m   [m [4;4mh[m[4;4mt[m[4;4mt[m[4;4mp[m[4;4ms[m[4;4m:[m[4;4m/[m[4;4m/[m[4;4ma[m[4;4mp[m[4;4mi[m[4;4m.[m[4;4md[m[4;4mo[m[4;4mm[m[4;4ma[m[4;4mi[m[4;4mn[m[4;4m.[m[4;4mc[m[4;4mo[m[4;4mm[m[4;4m/[m[4;4ma[m[4;4mp[m[4;4mi[m[4;4m/[m[4;4mi[m[4;4mn[m[4;4mf[m[4;4mo[m

---

[TestPrintResponse/2xx_success/should_match_snapshot - 1]
 [48;2;0;175;79m [m[38;2;0;0;0;48;2;0;175;79m200 GET[m[48;2;0;175;79m [m[48;2;0;175;79m    [m [4;4mh[m[4;4mt[m[4;4mt[m[4;4mp[m[4;4ms[m[4;4m:[m[4;4m/[m[4;4m/[m[4;4ma[m[4;4mp[m[4;4mi[m[4;4m.[m[4;4md[m[4;4mo[m[4;4mm[m[4;4ma[m[4;4mi[m[4;4mn[m[4;4m.[m[4;4mc[m[4;4mo[m[4;4mm[m[4;4m/[m[4;4mh[m[4;4me[m[4;4ml[m[4;4mp[m

---

[TestPrintResponse/3xx_redirect/should_match_snapshot - 1]
 [48;2;255;212;0m [m[38;2;0;0;0;48;2;255;212;0m301 PATCH[m[48;2;255;212;0m [m[48;2;255;212;0m  [m [4;4mh[m[4;4mt[m[4;4mt[m[4;4mp[m[4;4ms[m[4;4m:[m[4;4m/[m[4;4m/[m[4;4ma[m[4;4mp[m[4;4mi[m[4;4m.[m[4;4md[m[4;4mo[m[4;4mm[m[4;4ma[m[4;4mi[m[4;4mn[m[4;4m.[m[4;4mc[m[4;4mo[m[4;4mm[m[4;4m/[m[4;4ma[m[4;4mp[m[4;4mi[m[4;4m/[m[4;4mu[m[4;4ms[m[4;4me[m[4;4mr[m

---

[TestPrintResponse/4xx_client_error/should_match_snapshot - 1]
 [48;2;220;1;0m [m[38;2;0;0;0;48;2;220;1;0m404 DELETE[m[48;2;220;1;0m [m[48;2;220;1;0m [m [4;4mh[m[4;4mt[m[4;4mt[m[4;4mp[m[4;4ms[m[4;4m:[m[4;4m/[m[4;4m/[m[4;4ma[m[4;4mp[m[4;4mi[m[4;4m.[m[4;4md[m[4;4mo[m[4;4mm[m[4;4ma[m[4;4mi[m[4;4mn[m[4;4m.[m[4;4mc[m[4;4mo[m[4;4mm[m[4;4m/[m[4;4ma[m[4;4mp[m[4;4mi[m[4;4m/[m[4;4mu[m[4;4ms[m[4;4me[m[4;4mr[m[4;4m/[m[4;4mp[m[4;4me[m[4;4mr[m[4;4mm[m[4;4mi[m[4;4ms[m[4;4ms[m[4;4mi[m[4;4mo[m[4;4mn[m

---

[TestPrintResponse/5xx_server_error/should_match_snapshot - 1]
 [48;2;220;1;0m [m[38;2;0;0;0;48;2;220;1;0m500 POST[m[48;2;220;1;0m [m[48;2;220;1;0m   [m [4;4mh[m[4;4mt[m[4;4mt[m[4;4mp[m[4;4ms[m[4;4m:[m[4;4m/[m[4;4m/[m[4;4ma[m[4;4mp[m[4;4mi[m[4;4m.[m[4;4md[m[4;4mo[m[4;4mm[m[4;4ma[m[4;4mi[m[4;4mn[m[4;4m.[m[4;4mc[m[4;4mo[m[4;4mm[m[4;4m/[m

---
