
[TestRouting/forwarded_request_matches_backend_and_response_snapshots - 1]
GET /api/users HTTP/1.1
Host: 127.0.0.1:<port>
Accept-Encoding: gzip
User-Agent: <scrubbed>


---

[TestRouting/forwarded_request_matches_backend_and_response_snapshots - 2]
HTTP/1.1 200 OK
Content-Length: 11
Access-Control-Allow-Credentials: true
Access-Control-Allow-Headers: *
Access-Control-Allow-Methods: GET, PUT, POST, HEAD, TRACE, DELETE, PATCH, COPY, HEAD, LINK, OPTIONS
Access-Control-Allow-Origin: *
Access-Control-Expose-Headers: *
Access-Control-Max-Age: 86400
Content-Type: application/json
Date: <scrubbed>

{"ok":true}
---
